// Jest Snapshot v1, https://goo.gl/fbAQLP

exports[`Test Framework Sample Test 1`] = `5`;
